[    0.000000] Booting Linux on physical CPU 0x0000000000 [0x410fd034]
[    0.000000] Linux version 5.4.0-1028-raspi (buildd@bos02-arm64-034) (gcc version 9.3.0 (Ubuntu 9.3.0-17ubuntu1~20.04)) #31-Ubuntu SMP PREEMPT Wed Jan 20 11:30:45 UTC 2021 (Ubuntu 5.4.0-1028.31-raspi 5.4.78)
[    0.000000] Machine model: Raspberry Pi 3 Model B Plus Rev 1.3
[    0.000000] efi: Getting EFI parameters from FDT:
[    0.000000] efi: UEFI not found.
[    0.000000] Reserved memory: created CMA memory pool at 0x0000000037400000, size 64 MiB
[    0.000000] OF: reserved mem: initialized node linux,cma, compatible id shared-dma-pool
[    0.000000] On node 0 totalpages: 242688
[    0.000000]   DMA zone: 3792 pages used for memmap
[    0.000000]   DMA zone: 0 pages reserved
[    0.000000]   DMA zone: 242688 pages, LIFO batch:63
[    0.000000] percpu: Embedded 32 pages/cpu s92120 r8192 d30760 u131072
[    0.000000] pcpu-alloc: s92120 r8192 d30760 u131072 alloc=32*4096
[    0.000000] pcpu-alloc: [0] 0 [0] 1 [0] 2 [0] 3 
[    0.000000] Detected VIPT I-cache on CPU0
[    0.000000] CPU features: detected: ARM erratum 845719
[    0.000000] CPU features: kernel page table isolation forced ON by KASLR
[    0.000000] CPU features: detected: Kernel page table isolation (KPTI)
[    0.000000] CPU features: detected: ARM erratum 843419
[    0.000000] Built 1 zonelists, mobility grouping on.  Total pages: 238896
[    0.000000] Kernel command line:  coherent_pool=1M 8250.nr_uarts=1 snd_bcm2835.enable_compat_alsa=0 snd_bcm2835.enable_hdmi=1 bcm2708_fb.fbwidth=656 bcm2708_fb.fbheight=416 bcm2708_fb.fbswap=1 vc_mem.mem_base=0x3ec00000 vc_mem.mem_size=0x40000000  net.ifnames=0 dwc_otg.lpm_enable=0 console=ttyS0,115200 console=tty1 root=LABEL=writable rootfstype=ext4 elevator=deadline rootwait fixrtc quiet splash
[    0.000000] Dentry cache hash table entries: 131072 (order: 8, 1048576 bytes, linear)
[    0.000000] Inode-cache hash table entries: 65536 (order: 7, 524288 bytes, linear)
[    0.000000] mem auto-init: stack:off, heap alloc:off, heap free:off
[    0.000000] Memory: 831300K/970752K available (11772K kernel code, 1240K rwdata, 4248K rodata, 4096K init, 1076K bss, 73916K reserved, 65536K cma-reserved)
[    0.000000] random: get_random_u64 called from kmem_cache_open+0x3c/0x3e0 with crng_init=0
[    0.000000] SLUB: HWalign=64, Order=0-3, MinObjects=0, CPUs=4, Nodes=1
[    0.000000] ftrace: allocating 39051 entries in 153 pages
[    0.000000] rcu: Preemptible hierarchical RCU implementation.
[    0.000000] 	Tasks RCU enabled.
[    0.000000] rcu: RCU calculated value of scheduler-enlistment delay is 25 jiffies.
[    0.000000] NR_IRQS: 64, nr_irqs: 64, preallocated irqs: 0
[    0.000000] arch_timer: cp15 timer(s) running at 19.20MHz (phys).
[    0.000000] clocksource: arch_sys_counter: mask: 0xffffffffffffff max_cycles: 0x46d987e47, max_idle_ns: 440795202767 ns
[    0.000007] sched_clock: 56 bits at 19MHz, resolution 52ns, wraps every 4398046511078ns
[    0.000259] Console: colour dummy device 80x25
[    0.000287] printk: console [tty1] enabled
[    0.000349] Calibrating delay loop (skipped), value calculated using timer frequency.. 38.40 BogoMIPS (lpj=76800)
[    0.000369] pid_max: default: 32768 minimum: 301
[    0.000696] LSM: Security Framework initializing
[    0.000763] Yama: becoming mindful.
[    0.000899] AppArmor: AppArmor initialized
[    0.001181] Mount-cache hash table entries: 2048 (order: 2, 16384 bytes, linear)
[    0.001210] Mountpoint-cache hash table entries: 2048 (order: 2, 16384 bytes, linear)
[    0.001315] *** VALIDATE tmpfs ***
[    0.002173] *** VALIDATE proc ***
[    0.002776] Disabling memory control group subsystem
[    0.002863] *** VALIDATE cgroup1 ***
[    0.002878] *** VALIDATE cgroup2 ***
[    0.004716] ASID allocator initialised with 32768 entries
[    0.004966] rcu: Hierarchical SRCU implementation.
[    0.007531] EFI services will not be available.
[    0.008748] smp: Bringing up secondary CPUs ...
[    0.010088] Detected VIPT I-cache on CPU1
[    0.010153] CPU1: Booted secondary processor 0x0000000001 [0x410fd034]
[    0.012078] Detected VIPT I-cache on CPU2
[    0.012130] CPU2: Booted secondary processor 0x0000000002 [0x410fd034]
[    0.013916] Detected VIPT I-cache on CPU3
[    0.013962] CPU3: Booted secondary processor 0x0000000003 [0x410fd034]
[    0.014480] smp: Brought up 1 node, 4 CPUs
[    0.014493] SMP: Total of 4 processors activated.
[    0.014506] CPU features: detected: 32-bit EL0 Support
[    0.014520] CPU features: detected: CRC32 instructions
[    0.020581] CPU features: emulated: Privileged Access Never (PAN) using TTBR0_EL1 switching
[    0.020594] CPU: All CPU(s) started at EL2
[    0.020657] alternatives: patching kernel code
[    0.022740] devtmpfs: initialized
[    0.038737] Enabled cp15_barrier support
[    0.038770] Enabled setend support
[    0.039435] clocksource: jiffies: mask: 0xffffffff max_cycles: 0xffffffff, max_idle_ns: 7645041785100000 ns
[    0.039463] futex hash table entries: 1024 (order: 4, 65536 bytes, linear)
[    0.043101] pinctrl core: initialized pinctrl subsystem
[    0.043981] DMI not present or invalid.
[    0.045039] NET: Registered protocol family 16
[    0.053626] DMA: preallocated 1024 KiB pool for atomic allocations
[    0.053662] audit: initializing netlink subsys (disabled)
[    0.053991] audit: type=2000 audit(0.052:1): state=initialized audit_enabled=0 res=1
[    0.054854] cpuidle: using governor ladder
[    0.054913] cpuidle: using governor menu
[    0.055699] hw-breakpoint: found 6 breakpoint and 4 watchpoint registers.
[    0.056168] Serial: AMBA PL011 UART driver
[    0.059191] bcm2835-mbox 3f00b880.mailbox: mailbox enabled
[    0.072348] raspberrypi-firmware soc:firmware: Attached to firmware from 2021-02-25 12:12, variant start
[    0.076362] raspberrypi-firmware soc:firmware: Firmware hash is 564e5f9b852b23a330b1764bcf0b2d022a20afd0
[    0.128497] bcm2835-dma 3f007000.dma: DMA legacy API manager, dmachans=0x1
[    0.132012] iommu: Default domain type: Translated 
[    0.134269] SCSI subsystem initialized
[    0.134689] libata version 3.00 loaded.
[    0.135037] usbcore: registered new interface driver usbfs
[    0.135101] usbcore: registered new interface driver hub
[    0.135249] usbcore: registered new device driver usb
[    0.135729] pps_core: LinuxPPS API ver. 1 registered
[    0.135741] pps_core: Software ver. 5.3.6 - Copyright 2005-2007 Rodolfo Giometti <giometti@linux.it>
[    0.135769] PTP clock support registered
[    0.136159] EDAC MC: Ver: 3.0.0
[    0.137873] NetLabel: Initializing
[    0.137886] NetLabel:  domain hash size = 128
[    0.137896] NetLabel:  protocols = UNLABELED CIPSOv4 CALIPSO
[    0.138009] NetLabel:  unlabeled traffic allowed by default
[    0.139279] clocksource: Switched to clocksource arch_sys_counter
[    0.268646] *** VALIDATE bpf ***
[    0.269173] VFS: Disk quotas dquot_6.6.0
[    0.269305] VFS: Dquot-cache hash table entries: 512 (order 0, 4096 bytes)
[    0.269472] *** VALIDATE ramfs ***
[    0.270333] AppArmor: AppArmor Filesystem Enabled
[    0.270624] simple-framebuffer 3eaf0000.framebuffer: framebuffer at 0x3eaf0000, 0x10a800 bytes, mapped to 0x(____ptrval____)
[    0.270643] simple-framebuffer 3eaf0000.framebuffer: format=a8r8g8b8, mode=656x416x32, linelength=2624
[    0.271334] Console: switching to colour frame buffer device 82x26
[    0.275930] simple-framebuffer 3eaf0000.framebuffer: fb0: simplefb registered!
[    0.289651] thermal_sys: Registered thermal governor 'fair_share'
[    0.289658] thermal_sys: Registered thermal governor 'bang_bang'
[    0.289672] thermal_sys: Registered thermal governor 'step_wise'
[    0.289683] thermal_sys: Registered thermal governor 'user_space'
[    0.289693] thermal_sys: Registered thermal governor 'power_allocator'
[    0.290491] NET: Registered protocol family 2
[    0.291541] tcp_listen_portaddr_hash hash table entries: 512 (order: 1, 8192 bytes, linear)
[    0.291594] TCP established hash table entries: 8192 (order: 4, 65536 bytes, linear)
[    0.291713] TCP bind hash table entries: 8192 (order: 5, 131072 bytes, linear)
[    0.291909] TCP: Hash tables configured (established 8192 bind 8192)
[    0.292159] UDP hash table entries: 512 (order: 2, 16384 bytes, linear)
[    0.292212] UDP-Lite hash table entries: 512 (order: 2, 16384 bytes, linear)
[    0.292538] NET: Registered protocol family 1
[    0.292578] NET: Registered protocol family 44
[    0.292600] PCI: CLS 0 bytes, default 64
[    0.292982] Trying to unpack rootfs image as initramfs...
[    1.325294] Freeing initrd memory: 29052K
[    1.327178] hw perfevents: enabled with armv8_cortex_a53 PMU driver, 7 counters available
[    1.327407] kvm [1]: IPA Size Limit: 40bits
[    1.328632] kvm [1]: Hyp mode initialized successfully
[    1.333231] Initialise system trusted keyrings
[    1.333317] Key type blacklist registered
[    1.333657] workingset: timestamp_bits=46 max_order=18 bucket_order=0
[    1.344419] zbud: loaded
[    1.347509] squashfs: version 4.0 (2009/01/31) Phillip Lougher
[    1.348999] fuse: init (API version 7.31)
[    1.349151] *** VALIDATE fuse ***
[    1.349170] *** VALIDATE fuse ***
[    1.376211] Key type asymmetric registered
[    1.376224] Asymmetric key parser 'x509' registered
[    1.376283] Block layer SCSI generic (bsg) driver version 0.4 loaded (major 242)
[    1.376579] io scheduler mq-deadline registered
[    1.381983] bcm2708_fb soc:fb: FB found 1 display(s)
[    1.386831] bcm2708_fb soc:fb: Registered framebuffer for display 0, size 656x416
[    1.475039] Serial: 8250/16550 driver, 1 ports, IRQ sharing enabled
[    1.478067] bcm2835-rng 3f104000.rng: hwrng registered
[    1.478788] vc-mem: phys_addr:0x00000000 mem_base=0x3ec00000 mem_size:0x40000000(1024 MiB)
[    1.479860] gpiomem-bcm2835 3f200000.gpiomem: Initialised: Registers at 0x3f200000
[    1.480279] cacheinfo: Unable to detect cache hierarchy for CPU 0
[    1.983815] loop: module loaded
[    1.987440] spi-bcm2835 3f204000.spi: could not get clk: -517
[    1.990011] libphy: Fixed MDIO Bus: probed
[    1.990059] tun: Universal TUN/TAP device driver, 1.6
[    1.990572] PPP generic driver version 2.4.2
[    1.990877] usbcore: registered new interface driver lan78xx
[    1.990944] usbcore: registered new interface driver smsc95xx
[    1.990983] ehci_hcd: USB 2.0 'Enhanced' Host Controller (EHCI) Driver
[    1.991015] ehci-pci: EHCI PCI platform driver
[    1.991079] ohci_hcd: USB 1.1 'Open' Host Controller (OHCI) Driver
[    1.991104] ohci-pci: OHCI PCI platform driver
[    1.991157] uhci_hcd: USB Universal Host Controller Interface driver
[    1.991392] dwc_otg: version 3.00a 10-AUG-2012 (platform bus)
[    2.204826] Core Release: 2.80a
[    2.204842] Setting default values for core params
[    2.204869] Finished setting default values for core params
[    2.418512] Using Buffer DMA mode
[    2.418523] Periodic Transfer Interrupt Enhancement - disabled
[    2.418534] Multiprocessor Interrupt Enhancement - disabled
[    2.418546] OTG VER PARAM: 0, OTG VER FLAG: 0
[    2.418562] Dedicated Tx FIFOs mode
[    2.419487] WARN::dwc_otg_hcd_init:1072: FIQ DMA bounce buffers: virt = ffff800010582000 dma = 0x00000000f7510000 len=9024
[    2.419515] FIQ FSM acceleration enabled for :
               Non-periodic Split Transactions
               Periodic Split Transactions
               High-Speed Isochronous Endpoints
               Interrupt/Control Split Transaction hack enabled
[    2.419528] dwc_otg: Microframe scheduler enabled
[    2.419574] WARN::hcd_init_fiq:496: MPHI regs_base at ffff800010075000
[    2.419643] dwc_otg 3f980000.usb: DWC OTG Controller
[    2.419679] dwc_otg 3f980000.usb: new USB bus registered, assigned bus number 1
[    2.419745] dwc_otg 3f980000.usb: irq 9, io mem 0x00000000
[    2.419794] Init: Port Power? op_state=1
[    2.419805] Init: Power Port (0)
[    2.420232] usb usb1: New USB device found, idVendor=1d6b, idProduct=0002, bcdDevice= 5.04
[    2.420249] usb usb1: New USB device strings: Mfr=3, Product=2, SerialNumber=1
[    2.420264] usb usb1: Product: DWC OTG Controller
[    2.420279] usb usb1: Manufacturer: Linux 5.4.0-1028-raspi dwc_otg_hcd
[    2.420294] usb usb1: SerialNumber: 3f980000.usb
[    2.421117] hub 1-0:1.0: USB hub found
[    2.421189] hub 1-0:1.0: 1 port detected
[    2.422083] dwc_otg: FIQ enabled
[    2.422095] dwc_otg: NAK holdoff enabled
[    2.422105] dwc_otg: FIQ split-transaction FSM enabled
[    2.422121] Module dwc_common_port init
[    2.422906] mousedev: PS/2 mouse device common for all mice
[    2.423550] i2c /dev entries driver
[    2.426676] bcm2835-wdt bcm2835-wdt: Broadcom BCM2835 watchdog timer
[    2.426965] device-mapper: uevent: version 1.0.3
[    2.427439] device-mapper: ioctl: 4.41.0-ioctl (2019-09-16) initialised: dm-devel@redhat.com
[    2.429050] cpufreq: cpufreq_online: CPU0: Running at unlisted freq: 600000 KHz
[    2.430612] cpufreq: cpufreq_online: CPU0: Unlisted initial frequency changed to: 700000 KHz
[    2.433302] sdhci: Secure Digital Host Controller Interface driver
[    2.433307] sdhci: Copyright(c) Pierre Ossman
[    2.433635] mmc-bcm2835 3f300000.mmcnr: could not get clk, deferring probe
[    2.433932] sdhost-bcm2835 3f202000.mmc: could not get clk, deferring probe
[    2.434035] sdhci-pltfm: SDHCI platform and OF driver helper
[    2.436315] ledtrig-cpu: registered to indicate activity on CPUs
[    2.436516] hidraw: raw HID events driver (C) Jiri Kosina
[    2.437199] vchiq: vchiq_init_state: slot_zero = (____ptrval____)
[    2.440105] drop_monitor: Initializing network drop monitor service
[    2.440784] NET: Registered protocol family 10
[    2.465585] Segment Routing with IPv6
[    2.465659] NET: Registered protocol family 17
[    2.465798] Key type dns_resolver registered
[    2.466422] registered taskstats version 1
[    2.466463] Loading compiled-in X.509 certificates
[    2.469036] Loaded X.509 cert 'Build time autogenerated kernel key: 09ad5a0751a3e9ca1eb19d9275b4d0b41e50fa66'
[    2.469330] Key type ._fscrypt registered
[    2.469335] Key type .fscrypt registered
[    2.494186] cryptd: max_cpu_qlen set to 1000
[    2.523902] Key type big_key registered
[    2.560882] Key type encrypted registered
[    2.560906] AppArmor: AppArmor sha1 policy hashing enabled
[    2.560938] ima: No TPM chip found, activating TPM-bypass!
[    2.560958] ima: Allocated hash algorithm: sha1
[    2.560982] ima: No architecture policies found
[    2.561024] evm: Initialising EVM extended attributes:
[    2.561028] evm: security.selinux
[    2.561033] evm: security.SMACK64
[    2.561037] evm: security.SMACK64EXEC
[    2.561041] evm: security.SMACK64TRANSMUTE
[    2.561045] evm: security.SMACK64MMAP
[    2.561050] evm: security.apparmor
[    2.561054] evm: security.ima
[    2.561059] evm: security.capability
[    2.561063] evm: HMAC attrs: 0x1
[    2.567324] uart-pl011 3f201000.serial: cts_event_workaround enabled
[    2.567400] 3f201000.serial: ttyAMA0 at MMIO 0x3f201000 (irq = 66, base_baud = 0) is a PL011 rev2
[    2.569648] printk: console [ttyS0] disabled
[    2.569691] 3f215040.serial: ttyS0 at MMIO 0x0 (irq = 61, base_baud = 50000000) is a 16550
[    2.575576] printk: console [ttyS0] enabled
[    2.576077] bcm2835-power bcm2835-power: Broadcom BCM2835 power domains driver
[    2.578872] mmc-bcm2835 3f300000.mmcnr: mmc_debug:0 mmc_debug2:0
[    2.578881] mmc-bcm2835 3f300000.mmcnr: DMA channel allocated
[    2.604310] sdhost: log_buf @ (____ptrval____) (ebdde000)
[    2.622062] mmc1: queuing unknown CIS tuple 0x80 (2 bytes)
[    2.623589] mmc1: queuing unknown CIS tuple 0x80 (3 bytes)
[    2.625111] mmc1: queuing unknown CIS tuple 0x80 (3 bytes)
[    2.627383] Indeed it is in host mode hprt0 = 00021501
[    2.627890] mmc1: queuing unknown CIS tuple 0x80 (7 bytes)
[    2.651295] mmc0: sdhost-bcm2835 loaded - DMA enabled (>1)
[    2.652704] hctosys: unable to open rtc device (rtc0)
[    2.653155] of_cfs_init
[    2.653247] of_cfs_init: OK
[    2.679113] Freeing unused kernel memory: 4096K
[    2.686695] Checked W+X mappings: passed, no W+X pages found
[    2.686706] Run /init as init process
[    2.691170] random: fast init done
[    2.707318] mmc1: new high speed SDIO card at address 0001
[    2.737524] mmc0: host does not support reading read-only switch, assuming write-enable
[    2.741485] mmc0: new high speed SDHC card at address aaaa
[    2.742281] mmcblk0: mmc0:aaaa SC16G 14.8 GiB
[    2.745220]  mmcblk0: p1 p2
[    2.772549] random: systemd-udevd: uninitialized urandom read (16 bytes read)
[    2.776518] random: systemd-udevd: uninitialized urandom read (16 bytes read)
[    2.776557] random: systemd-udevd: uninitialized urandom read (16 bytes read)
[    2.815322] usb 1-1: new high-speed USB device number 2 using dwc_otg
[    2.815461] Indeed it is in host mode hprt0 = 00001101
[    3.027595] usb 1-1: New USB device found, idVendor=0424, idProduct=2514, bcdDevice= b.b3
[    3.027606] usb 1-1: New USB device strings: Mfr=0, Product=0, SerialNumber=0
[    3.028220] hub 1-1:1.0: USB hub found
[    3.028325] hub 1-1:1.0: 4 ports detected
[    3.315313] usb 1-1.1: new high-speed USB device number 3 using dwc_otg
[    3.415601] usb 1-1.1: New USB device found, idVendor=0424, idProduct=2514, bcdDevice= b.b3
[    3.415612] usb 1-1.1: New USB device strings: Mfr=0, Product=0, SerialNumber=0
[    3.416210] hub 1-1.1:1.0: USB hub found
[    3.416311] hub 1-1.1:1.0: 3 ports detected
[    3.537736] usb_phy_generic phy: phy supply vcc not found, using dummy regulator
[    3.769404] dwc_otg_handle_wakeup_detected_intr lxstate = 2
[    4.092770] random: crng init done
[    4.092786] random: 7 urandom warning(s) missed due to ratelimiting
[    4.103378] usb 1-1.1.1: new high-speed USB device number 4 using dwc_otg
[    4.204013] usb 1-1.1.1: New USB device found, idVendor=0424, idProduct=7800, bcdDevice= 3.00
[    4.204024] usb 1-1.1.1: New USB device strings: Mfr=0, Product=0, SerialNumber=0
[    4.469557] lan78xx 1-1.1.1:1.0 (unnamed net_device) (uninitialized): No External EEPROM. Setting MAC Speed
[    4.470767] libphy: lan78xx-mdiobus: probed
[    4.492932] lan78xx 1-1.1.1:1.0 (unnamed net_device) (uninitialized): int urb period 64
[    6.811267] raid6: neonx8   gen()  1732 MB/s
[    6.859287] raid6: neonx8   xor()  1627 MB/s
[    6.907311] raid6: neonx4   gen()  1694 MB/s
[    6.955259] raid6: neonx4   xor()  1613 MB/s
[    7.003267] raid6: neonx2   gen()  1251 MB/s
[    7.051270] raid6: neonx2   xor()  1257 MB/s
[    7.099275] raid6: neonx1   gen()   750 MB/s
[    7.147267] raid6: neonx1   xor()   781 MB/s
[    7.195262] raid6: int64x8  gen()  1302 MB/s
[    7.243273] raid6: int64x8  xor()   852 MB/s
[    7.291300] raid6: int64x4  gen()  1115 MB/s
[    7.339276] raid6: int64x4  xor()   804 MB/s
[    7.387308] raid6: int64x2  gen()   707 MB/s
[    7.435284] raid6: int64x2  xor()   584 MB/s
[    7.483287] raid6: int64x1  gen()   410 MB/s
[    7.531319] raid6: int64x1  xor()   373 MB/s
[    7.531324] raid6: using algorithm neonx8 gen() 1732 MB/s
[    7.531329] raid6: .... xor() 1627 MB/s, rmw enabled
[    7.531333] raid6: using neon recovery algorithm
[    7.537918] xor: measuring software checksum speed
[    7.575286]    8regs     :  2735.000 MB/sec
[    7.615255]    32regs    :  3137.000 MB/sec
[    7.655255]    arm64_neon:  2636.000 MB/sec
[    7.655260] xor: using function: 32regs (3137.000 MB/sec)
[    7.658538] async_tx: api initialized (async)
[    7.898527] Btrfs loaded, crc32c=crc32c-generic
[    8.470885] EXT4-fs (mmcblk0p2): mounted filesystem with ordered data mode. Opts: (null)
[    9.458047] systemd[1]: System time before build time, advancing clock.
[    9.531804] systemd[1]: Inserted module 'autofs4'
[    9.630173] systemd[1]: systemd 245.4-4ubuntu3.6 running in system mode. (+PAM +AUDIT +SELINUX +IMA +APPARMOR +SMACK +SYSVINIT +UTMP +LIBCRYPTSETUP +GCRYPT +GNUTLS +ACL +XZ +LZ4 +SECCOMP +BLKID +ELFUTILS +KMOD +IDN2 -IDN +PCRE2 default-hierarchy=hybrid)
[    9.631077] systemd[1]: Detected architecture arm64.
[    9.719382] systemd[1]: Set hostname to <ubuntu>.
[   11.050500] systemd[1]: Created slice system-modprobe.slice.
[   11.052489] systemd[1]: Created slice system-serial\x2dgetty.slice.
[   11.054123] systemd[1]: Created slice system-systemd\x2dfsck.slice.
[   11.055693] systemd[1]: Created slice User and Session Slice.
[   11.056127] systemd[1]: Started Forward Password Requests to Wall Directory Watch.
[   11.062985] systemd[1]: Set up automount Arbitrary Executable File Formats File System Automount Point.
[   11.063294] systemd[1]: Reached target User and Group Name Lookups.
[   11.063383] systemd[1]: Reached target Slices.
[   11.063456] systemd[1]: Reached target Swap.
[   11.063888] systemd[1]: Listening on Device-mapper event daemon FIFOs.
[   11.064435] systemd[1]: Listening on LVM2 poll daemon socket.
[   11.064780] systemd[1]: Listening on multipathd control socket.
[   11.065253] systemd[1]: Listening on Syslog Socket.
[   11.065711] systemd[1]: Listening on fsck to fsckd communication Socket.
[   11.065992] systemd[1]: Listening on initctl Compatibility Named Pipe.
[   11.066976] systemd[1]: Listening on Journal Audit Socket.
[   11.067643] systemd[1]: Listening on Journal Socket (/dev/log).
[   11.068257] systemd[1]: Listening on Journal Socket.
[   11.068969] systemd[1]: Listening on Network Service Netlink Socket.
[   11.069507] systemd[1]: Listening on udev Control Socket.
[   11.069923] systemd[1]: Listening on udev Kernel Socket.
[   11.070462] systemd[1]: Condition check resulted in Huge Pages File System being skipped.
[   11.075706] systemd[1]: Mounting POSIX Message Queue File System...
[   11.081767] systemd[1]: Mounting Kernel Debug File System...
[   11.088799] systemd[1]: Mounting Kernel Trace File System...
[   11.097103] systemd[1]: Starting Journal Service...
[   11.103493] systemd[1]: Starting Set the console keyboard layout...
[   11.110496] systemd[1]: Starting Create list of static device nodes for the current kernel...
[   11.117880] systemd[1]: Starting Monitoring of LVM2 mirrors, snapshots etc. using dmeventd or progress polling...
[   11.125279] systemd[1]: Starting Load Kernel Module drm...
[   11.125616] systemd[1]: Condition check resulted in OpenVSwitch configuration for cleanup being skipped.
[   11.129545] systemd[1]: Condition check resulted in Set Up Additional Binary Formats being skipped.
[   11.140157] systemd[1]: Starting Load Kernel Modules...
[   11.147802] systemd[1]: Starting Remount Root and Kernel File Systems...
[   11.155515] systemd[1]: Starting udev Coldplug all Devices...
[   11.163565] systemd[1]: Starting Uncomplicated firewall...
[   11.173284] systemd[1]: Mounted POSIX Message Queue File System.
[   11.174535] systemd[1]: Mounted Kernel Debug File System.
[   11.175757] systemd[1]: Mounted Kernel Trace File System.
[   11.181213] systemd[1]: Finished Create list of static device nodes for the current kernel.
[   11.219945] systemd[1]: Finished Load Kernel Modules.
[   11.228632] systemd[1]: Mounting FUSE Control File System...
[   11.231402] EXT4-fs (mmcblk0p2): re-mounted. Opts: (null)
[   11.236251] systemd[1]: Mounting Kernel Configuration File System...
[   11.243796] systemd[1]: Starting Apply Kernel Variables...
[   11.254986] systemd[1]: Finished Remount Root and Kernel File Systems.
[   11.261246] systemd[1]: modprobe@drm.service: Succeeded.
[   11.263777] systemd[1]: Finished Load Kernel Module drm.
[   11.269456] systemd[1]: Finished Uncomplicated firewall.
[   11.270911] systemd[1]: Mounted FUSE Control File System.
[   11.272193] systemd[1]: Mounted Kernel Configuration File System.
[   11.279849] systemd[1]: Condition check resulted in Rebuild Hardware Database being skipped.
[   11.280081] systemd[1]: Condition check resulted in Platform Persistent Storage Archival being skipped.
[   11.285859] systemd[1]: Starting Load/Save Random Seed...
[   11.297858] systemd[1]: Starting Create System Users...
[   11.357113] systemd[1]: Finished Load/Save Random Seed.
[   11.358484] systemd[1]: Started Journal Service.
[   11.405985] systemd-journald[889]: Received client request to flush runtime journal.
[   11.430495] systemd-journald[889]: File /var/log/journal/810da0be556d4bb5b96c2f2e9bd0c243/system.journal corrupted or uncleanly shut down, renaming and replacing.
[   12.272579] vc_sm_cma: module is from the staging directory, the quality is unknown, you have been warned.
[   12.274262] vc_sm_cma: module verification failed: signature and/or required key missing - tainting kernel
[   12.275972] bcm2835_vc_sm_cma_probe: Videocore shared memory driver
[   12.275988] [vc_sm_connected_init]: start
[   12.280012] [vc_sm_connected_init]: installed successfully
[   12.318883] mc: Linux media interface: v0.10
[   12.394403] videodev: Linux video capture interface: v2.00
[   12.466766] snd_bcm2835: module is from the staging directory, the quality is unknown, you have been warned.
[   12.477772] bcm2835_audio bcm2835_audio: card created with 8 channels
[   12.540240] bcm2835_mmal_vchiq: module is from the staging directory, the quality is unknown, you have been warned.
[   12.540285] bcm2835_mmal_vchiq: module is from the staging directory, the quality is unknown, you have been warned.
[   12.589516] bcm2835_v4l2: module is from the staging directory, the quality is unknown, you have been warned.
[   12.592079] bcm2835_isp: module is from the staging directory, the quality is unknown, you have been warned.
[   12.599334] bcm2835-isp bcm2835-isp: bcm2835_isp_get_supported_fmts: port has more encoding than we provided space for. Some are dropped.
[   12.614090] bcm2835-isp bcm2835-isp: Device node output[0] registered as /dev/video13
[   12.614552] bcm2835-isp bcm2835-isp: Device node capture[0] registered as /dev/video14
[   12.614946] bcm2835-isp bcm2835-isp: Device node capture[1] registered as /dev/video15
[   12.615355] bcm2835-isp bcm2835-isp: Device node stats[2] registered as /dev/video16
[   12.615377] bcm2835-isp bcm2835-isp: Register output node 0 with media controller
[   12.615389] bcm2835-isp bcm2835-isp: Register capture node 1 with media controller
[   12.615399] bcm2835-isp bcm2835-isp: Register capture node 2 with media controller
[   12.615418] bcm2835-isp bcm2835-isp: Register capture node 3 with media controller
[   12.615609] bcm2835-isp bcm2835-isp: Loaded V4L2 bcm2835-isp
[   12.617460] bcm2835_codec: module is from the staging directory, the quality is unknown, you have been warned.
[   12.624451] bcm2835-codec bcm2835-codec: Device registered as /dev/video10
[   12.624498] bcm2835-codec bcm2835-codec: Loaded V4L2 decode
[   12.628021] bcm2835-codec bcm2835-codec: Device registered as /dev/video11
[   12.628062] bcm2835-codec bcm2835-codec: Loaded V4L2 encode
[   12.631682] : bcm2835_codec_get_supported_fmts: port has more encoding than we provided space for. Some are dropped.
[   12.647600] bcm2835-codec bcm2835-codec: Device registered as /dev/video12
[   12.647638] bcm2835-codec bcm2835-codec: Loaded V4L2 isp
[   12.819784] cfg80211: Loading compiled-in X.509 certificates for regulatory database
[   12.823169] cfg80211: Loaded X.509 cert 'sforshee: 00b28ddf47aef9cea7'
[   12.995568] brcmfmac: F1 signature read @0x18000000=0x15264345
[   13.001592] brcmfmac: brcmf_fw_alloc_request: using brcm/brcmfmac43455-sdio for chip BCM4345/6
[   13.015156] usbcore: registered new interface driver brcmfmac
[   13.300227] Bluetooth: Core ver 2.22
[   13.300337] NET: Registered protocol family 31
[   13.300343] Bluetooth: HCI device and connection manager initialized
[   13.300363] Bluetooth: HCI socket layer initialized
[   13.300373] Bluetooth: L2CAP socket layer initialized
[   13.300408] Bluetooth: SCO socket layer initialized
[   13.317888] brcmfmac: brcmf_fw_alloc_request: using brcm/brcmfmac43455-sdio for chip BCM4345/6
[   13.349920] brcmfmac: brcmf_c_preinit_dcmds: Firmware: BCM4345/6 wl0: Jan  4 2021 19:56:29 version 7.45.229 (617f1f5 CY) FWID 01-2dbd9d2e
[   15.445872] alua: device handler registered
[   15.450717] emc: device handler registered
[   15.456278] rdac: device handler registered
[   17.061340] audit: type=1400 audit(1616016975.595:2): apparmor="STATUS" operation="profile_load" profile="unconfined" name="lsb_release" pid=1555 comm="apparmor_parser"
[   17.061942] audit: type=1400 audit(1616016975.599:3): apparmor="STATUS" operation="profile_load" profile="unconfined" name="nvidia_modprobe" pid=1558 comm="apparmor_parser"
[   17.061967] audit: type=1400 audit(1616016975.599:4): apparmor="STATUS" operation="profile_load" profile="unconfined" name="nvidia_modprobe//kmod" pid=1558 comm="apparmor_parser"
[   17.066025] audit: type=1400 audit(1616016975.603:5): apparmor="STATUS" operation="profile_load" profile="unconfined" name="/usr/lib/snapd/snap-confine" pid=1557 comm="apparmor_parser"
[   17.066104] audit: type=1400 audit(1616016975.603:6): apparmor="STATUS" operation="profile_load" profile="unconfined" name="/usr/lib/snapd/snap-confine//mount-namespace-capture-helper" pid=1557 comm="apparmor_parser"
[   17.076160] audit: type=1400 audit(1616016975.615:7): apparmor="STATUS" operation="profile_load" profile="unconfined" name="/usr/bin/man" pid=1556 comm="apparmor_parser"
[   17.076192] audit: type=1400 audit(1616016975.615:8): apparmor="STATUS" operation="profile_load" profile="unconfined" name="man_filter" pid=1556 comm="apparmor_parser"
[   17.076209] audit: type=1400 audit(1616016975.615:9): apparmor="STATUS" operation="profile_load" profile="unconfined" name="man_groff" pid=1556 comm="apparmor_parser"
[   17.114220] audit: type=1400 audit(1616016975.651:10): apparmor="STATUS" operation="profile_load" profile="unconfined" name="/usr/sbin/tcpdump" pid=1560 comm="apparmor_parser"
[   17.117906] audit: type=1400 audit(1616016975.655:11): apparmor="STATUS" operation="profile_load" profile="unconfined" name="/usr/lib/NetworkManager/nm-dhcp-client.action" pid=1562 comm="apparmor_parser"
[   17.728962] systemd-journald[889]: Failed to read journal file /var/log/journal/810da0be556d4bb5b96c2f2e9bd0c243/user-1000.journal for rotation, trying to move it out of the way: Device or resource busy
[   22.157169] IPv6: ADDRCONF(NETDEV_CHANGE): eth0: link becomes ready
[   26.543408] 8021q: 802.1Q VLAN Support v1.8
[   26.543476] 8021q: adding VLAN 0 to HW filter on device eth0
[   27.053491] brcmfmac: brcmf_cfg80211_set_power_mgmt: power save enabled
[ 2168.965052] task1: loading out-of-tree module taints kernel.
[ 2168.966433] module: check CPU0
[ 2168.966444] CPU0: base address is correct
[ 2168.966453] module: check CPU1
[ 2168.966466] CPU1: base address is correct
[ 2168.966473] module: check CPU2
[ 2168.966487] CPU2: base address is correct
[ 2168.966493] module: check CPU3
[ 2168.966504] CPU3: base address is correct
[ 2278.624310] module: check CPU0
[ 2278.624326] CPU0: base address is correct
[ 2278.624330] module: check CPU1
[ 2278.624339] CPU1: base address is correct
[ 2278.624343] module: check CPU2
[ 2278.624353] CPU2: base address is correct
[ 2278.624357] module: check CPU3
